// Jest Snapshot v1, https://goo.gl/fbAQLP

exports[`eligibility-test service fetchCode should return eligible data enhanced with a code when eligible exists 1`] = `
[
  {
    "a_valider": false,
    "adresse": {
      "code_insee": "29098",
      "code_postal": "29810",
      "commune": "LAMPAUL PLOUARZEL",
      "nom_adresse_postale": "MME DUPOND BABETTE",
      "voie": "31 RUE DU TEST",
    },
    "allocataire": {
      "code_insee_commune_naissance": "38000",
      "code_organisme": "220",
      "commune_naissance": "GRENOBLE",
      "courriel": "fake_email@test.fr",
      "date_naissance": "01/08/1979",
      "matricule": "9999999999999",
      "nom": "DUPOND",
      "prenom": "BABETTE",
      "qualite": "Mme",
      "telephone": "0600000000",
    },
    "created_at": "2024-04-24T14:09:47.646+02:00",
    "date_naissance": "2011-01-01T02:00:00.000+01:00",
    "exercice_id": 4,
    "genre": "F",
    "id": 12967588,
    "id_psp": "24-IIII-IIII",
    "nom": "DUPOND",
    "nom_complet": "MANON DUPOND",
    "organisme": "MSA",
    "prenom": "MANON",
    "refuser": false,
    "situation": "jeune",
    "updated_at": "2023-08-31T12:05:34.000+02:00",
    "uuid_doc": null,
  },
]
`;

exports[`eligibility-test service fetchEligible should return eligible data when eligible exists 1`] = `
[
  {
    "date_naissance": "2011-01-01T23:00:00.000Z",
    "hasMatricule": true,
    "id": 123,
    "nom": "DUPOND",
    "organisme": "MSA",
    "prenom": "MANON",
    "situation": "jeune",
  },
]
`;
